<?xml version="1.0" ?>
<TestSuite>
        <Details>
                <Name>ts_runmode_ruf_at_ts_global_level_with_status_expected</Name>
                <Title>test suite to run runmode(RUF) at testsuite file detail section</Title>
                <Engineer>Warrior_user</Engineer>
                <Date>2018-10-11</Date>
                <Time>11:37:26</Time>
                <runmode type="RUF" value="40" status="expected"/>
                <default_onError action="next"/>
                <Resultsdir/>
        </Details>
        <Requirements>
                <Requirement>Requirement-001</Requirement>
                <Requirement>Requirement-002</Requirement>
        </Requirements>
        <Testcases>
                <Testcase>
                        <path>../../../testcases/framework_tests/runmode_tests/tc_runmode_ruf_at_tc_global_level_with_status_expected.xml</path>
                        <context>positive</context>
                        <runtype>sequential_keywords</runtype>
                        <onError action="next"/>
                        <impact>impact</impact>
                </Testcase>
        </Testcases>
</TestSuite>